---
source: src/main.rs
expression: nomenclatures
---
[
    "Two\tof Spades\t",
    "Two\tof Diamonds\t",
    "Two\tof Hearts\t",
    "Two\tof Clubs\t",
    "Three\tof Spades\t",
    "Three\tof Diamonds\t",
    "Three\tof Hearts\t",
    "Three\tof Clubs\t",
    "Four\tof Spades\t",
    "Four\tof Diamonds\t",
    "Four\tof Hearts\t",
    "Four\tof Clubs\t",
    "Five\tof Spades\t",
    "Five\tof Diamonds\t",
    "Five\tof Hearts\t",
    "Five\tof Clubs\t",
    "Six\tof Spades\t",
    "Six\tof Diamonds\t",
    "Six\tof Hearts\t",
    "Six\tof Clubs\t",
    "Seven\tof Spades\t",
    "Seven\tof Diamonds\t",
    "Seven\tof Hearts\t",
    "Seven\tof Clubs\t",
    "Eight\tof Spades\t",
    "Eight\tof Diamonds\t",
    "Eight\tof Hearts\t",
    "Eight\tof Clubs\t",
    "Nine\tof Spades\t",
    "Nine\tof Diamonds\t",
    "Nine\tof Hearts\t",
    "Nine\tof Clubs\t",
    "Ten\tof Spades\t",
    "Ten\tof Diamonds\t",
    "Ten\tof Hearts\t",
    "Ten\tof Clubs\t",
    "Jack\tof Spades\t",
    "Jack\tof Diamonds\t",
    "Jack\tof Hearts\t",
    "Jack\tof Clubs\t",
    "Queen\tof Spades\t",
    "Queen\tof Diamonds\t",
    "Queen\tof Hearts\t",
    "Queen\tof Clubs\t",
    "King\tof Spades\t",
    "King\tof Diamonds\t",
    "King\tof Hearts\t",
    "King\tof Clubs\t",
    "Ace\tof Spades\t",
    "Ace\tof Diamonds\t",
    "Ace\tof Hearts\t",
    "Ace\tof Clubs\t",
]
